// Jest Snapshot v1, https://goo.gl/fbAQLP

exports[`Component: CustomPie CustomPie renders correctly 1`] = `
<div
  className="uk-flex uk-flex-center"
>
  <div
    className="chart-continer"
    style={
      Object {
        "height": 190,
        "width": 190,
      }
    }
  >
    <div
      className="dount-chart-container"
    >
      <div />
    </div>
    <div
      className=" donutmiddleData"
    >
      <div
        className="uk-text-center thumb-font"
      >
        <div
          className="jera-dislike-font"
        >
          <i
            className="jera color-red-60 jera-dislike"
          />
        </div>
        <div
          className="font-prvalue color-red-60"
        >
          <span>
            50
          </span>
          <span
            className="font-12 vertical-top"
          >
            %
          </span>
        </div>
        <div>
          <span
            className="font-12 totalRatio"
          >
            CHARTS.DONUT.TOOLTIP_HEAD
          </span>
          <span
            className="uk-tooltip-cutom tooltip-text"
          >
            <i
              className="jera-info-circle icn-16 color-blue-70 top-2 ml-3"
            />
            <div
              className="uk-tooltip uk-animation-scale-up uk-animation-center uk-transdorm-origin-center-left uk-togglabe-enter uk-tooltip-bottom uk-tooltip-bottom-center uk-transform-origin-center-left uk-text-left font-10"
            >
              <span
                className="color-grey-blue-80 uk-display-block"
              >
                <strong
                  className="color-grey-blue-95"
                >
                  CHARTS.DONUT.TOOLTIP_MAIN_TEXT
                </strong>
                Â  
                CHARTS.DONUT.TOOLTIP_SUB_TEXT
              </span>
              <span
                className="color-red-60 mt-15 uk-display-block"
              >
                CHARTS.DONUT.EQUATION
              </span>
              <span
                className="color-grey-blue-80 uk-display-block"
              >
                CHARTS.DONUT.EQUATION_LHS
                 = Y (
                plan
                ) / X (
                plan
                )
              </span>
            </div>
          </span>
        </div>
      </div>
    </div>
  </div>
</div>
`;
