// Jest Snapshot v1, https://goo.gl/fbAQLP

exports[`Component: Annualtarget Annualtarget renders correctly 1`] = `
<div
  className="spinner"
>
  <div
    className="color-white"
  >
    <div
      uk-spinner="ratio: 3"
    />
  </div>
</div>
`;
