// Jest Snapshot v1, https://goo.gl/fbAQLP

exports[`Component: AnnualGraphLayout AnnualGraphLayout renders correctly 1`] = `null`;
