// Jest Snapshot v1, https://goo.gl/fbAQLP

exports[`Component: CustomTooltip CustomTooltip renders correctly 1`] = `null`;
