// Jest Snapshot v1, https://goo.gl/fbAQLP

exports[`Component: LineGraph LineGraph renders correctly 1`] = `null`;
