// Jest Snapshot v1, https://goo.gl/fbAQLP

exports[`Component: AverageSpread AverageSpread renders correctly 1`] = `
<div>
  <h5
    className="mb-24 mt-24 font-18 uk-text-medium"
  >
    UNIT_OPERATION.AVERAGE_SPREAD
  </h5>
  <div
    className="uk-grid uk-child-width-1-3@s uk-child-width-1-3@m"
    uk-grid="true"
  />
</div>
`;
