// Jest Snapshot v1, https://goo.gl/fbAQLP

exports[`Component: AmountOfOperatingTime AmountOfOperatingTime renders correctly 1`] = `
<div>
  <h5
    className="mb-24 mt-24 font-18 uk-text-medium"
  >
    UNIT_OPERATION.AMOUNT_OPERATING_SPREAD
  </h5>
  <div
    className="uk-grid uk-child-width-1-3@s uk-child-width-1-3@m"
    uk-grid="true"
  >
    <div
      className="uk-first-column"
    >
      <div
        className="uk-card"
      >
        <h6
          className="font-16"
        />
        <div
          className="uk-flex"
        >
          <div
            className="uk-flex-left uk-width-1-2 uk-text-center"
          >
            <label
              className="font-14"
            />
            <p
              className="mb-0 mt-5 font-14"
            >
              <span
                className=""
              >
                <strong>
                  
                  <span
                    className="seriesValue"
                  >
                    0
                  </span>
                  
                </strong>
              </span>
            </p>
          </div>
          <div
            className="uk-flex-left uk-width-1-2 uk-text-center"
          >
            <label
              className="font-14"
            />
            <p
              className="mb-0 mt-5 font-14"
            >
              <span
                className=""
              >
                <strong>
                  
                  <span
                    className="seriesValue"
                  >
                    0
                  </span>
                  
                </strong>
              </span>
            </p>
          </div>
        </div>
        <div
          className="uk-flex uk-flex-center undefined"
        >
          <div
            className="mt-30"
          >
            <div
              className="uk-flex uk-flex-center"
            >
              <div
                className="chart-continer"
                style={
                  Object {
                    "height": 190,
                    "width": 190,
                  }
                }
              >
                <div
                  className="dount-chart-container"
                >
                  <div />
                </div>
                <div
                  className=" donutmiddleData"
                >
                  <div
                    className="uk-text-center thumb-font"
                  >
                    <div
                      className="jera-like-font"
                    >
                      <i
                        className="jera color-green-60 jera-like-1"
                      />
                    </div>
                    <div
                      className="font-prvalue color-green-60"
                    >
                      <span>
                        0
                      </span>
                      <span
                        className="font-12 vertical-top"
                      >
                        %
                      </span>
                    </div>
                    <div>
                      <span
                        className="font-12 totalRatio"
                      >
                        CHARTS.DONUT.TOOLTIP_HEAD
                      </span>
                      <span
                        className="uk-tooltip-cutom tooltip-text"
                      >
                        <i
                          className="jera-info-circle icn-16 color-blue-70 top-2 ml-3"
                        />
                        <div
                          className="uk-tooltip uk-animation-scale-up uk-animation-center uk-transdorm-origin-center-left uk-togglabe-enter uk-tooltip-bottom uk-tooltip-bottom-center uk-transform-origin-center-left uk-text-left font-10"
                        >
                          <span
                            className="color-grey-blue-80 uk-display-block"
                          >
                            <strong
                              className="color-grey-blue-95"
                            >
                              CHARTS.DONUT.TOOLTIP_MAIN_TEXT
                            </strong>
                              
                            CHARTS.DONUT.TOOLTIP_SUB_TEXT
                          </span>
                          <span
                            className="color-red-60 mt-15 uk-display-block"
                          >
                            CHARTS.DONUT.EQUATION
                          </span>
                          <span
                            className="color-grey-blue-80 uk-display-block"
                          >
                            CHARTS.DONUT.EQUATION_LHS
                             = Y (
                            ) / X (
                            )
                          </span>
                        </div>
                      </span>
                    </div>
                  </div>
                </div>
              </div>
            </div>
          </div>
        </div>
      </div>
    </div>
    <div
      className="media-mt-30 uk-first-column"
    >
      <div
        className="uk-card"
      >
        <h6
          className="font-16"
        >
          
        </h6>
        <div
          className="uk-flex"
        >
          <div
            className="uk-flex-left uk-width-1-2 uk-text-center"
          >
            <label
              className="font-14"
            />
            <p
              className="mb-0 mt-5 font-14"
            >
              <span
                className=""
              >
                <strong>
                  
                  <span
                    className="seriesValue"
                  >
                    0
                  </span>
                  
                </strong>
              </span>
            </p>
          </div>
          <div
            className="uk-flex-left uk-width-1-2 uk-text-center"
          >
            <label
              className="font-14"
            />
            <p
              className="mb-0 mt-5 font-14"
            >
              <span
                className=""
              >
                <strong>
                  
                  <span
                    className="seriesValue"
                  >
                    0
                  </span>
                  
                </strong>
              </span>
            </p>
          </div>
        </div>
        <div
          className="uk-flex uk-flex-center undefined"
        >
          <div
            className="mt-30"
          >
            <div
              className="uk-flex uk-flex-center"
            >
              <div
                className="chart-continer"
                style={
                  Object {
                    "height": 190,
                    "width": 190,
                  }
                }
              >
                <div
                  className="dount-chart-container"
                >
                  <div />
                </div>
                <div
                  className=" donutmiddleData"
                >
                  <div
                    className="uk-text-center thumb-font"
                  >
                    <div
                      className="jera-like-font"
                    >
                      <i
                        className="jera color-green-60 jera-like-1"
                      />
                    </div>
                    <div
                      className="font-prvalue color-green-60"
                    >
                      <span>
                        0
                      </span>
                      <span
                        className="font-12 vertical-top"
                      >
                        %
                      </span>
                    </div>
                    <div>
                      <span
                        className="font-12 totalRatio"
                      >
                        CHARTS.DONUT.TOOLTIP_HEAD
                      </span>
                      <span
                        className="uk-tooltip-cutom tooltip-text"
                      >
                        <i
                          className="jera-info-circle icn-16 color-blue-70 top-2 ml-3"
                        />
                        <div
                          className="uk-tooltip uk-animation-scale-up uk-animation-center uk-transdorm-origin-center-left uk-togglabe-enter uk-tooltip-bottom uk-tooltip-bottom-center uk-transform-origin-center-left uk-text-left font-10"
                        >
                          <span
                            className="color-grey-blue-80 uk-display-block"
                          >
                            <strong
                              className="color-grey-blue-95"
                            >
                              CHARTS.DONUT.TOOLTIP_MAIN_TEXT
                            </strong>
                              
                            CHARTS.DONUT.TOOLTIP_SUB_TEXT
                          </span>
                          <span
                            className="color-red-60 mt-15 uk-display-block"
                          >
                            CHARTS.DONUT.EQUATION
                          </span>
                          <span
                            className="color-grey-blue-80 uk-display-block"
                          >
                            CHARTS.DONUT.EQUATION_LHS
                             = Y (
                            ) / X (
                            )
                          </span>
                        </div>
                      </span>
                    </div>
                  </div>
                </div>
              </div>
            </div>
          </div>
        </div>
      </div>
    </div>
    <div
      className=" media-mt-30 uk-first-column"
    >
      <div
        className="uk-card"
      >
        <h6
          className="font-16"
        >
          
        </h6>
        <div
          className="uk-flex"
        >
          <div
            className="uk-flex-left uk-width-1-2 uk-text-center"
          >
            <label
              className="font-14"
            />
            <p
              className="mb-0 mt-5 font-14"
            >
              <span
                className=""
              >
                <strong>
                  
                  <span
                    className="seriesValue"
                  >
                    0
                  </span>
                  
                </strong>
              </span>
            </p>
          </div>
          <div
            className="uk-flex-left uk-width-1-2 uk-text-center"
          >
            <label
              className="font-14"
            />
            <p
              className="mb-0 mt-5 font-14"
            >
              <span
                className=""
              >
                <strong>
                  
                  <span
                    className="seriesValue"
                  >
                    0
                  </span>
                  
                </strong>
              </span>
            </p>
          </div>
        </div>
        <div
          className="uk-flex uk-flex-center undefined"
        >
          <div
            className="mt-30"
          >
            <div
              className="uk-flex uk-flex-center"
            >
              <div
                className="chart-continer"
                style={
                  Object {
                    "height": 190,
                    "width": 190,
                  }
                }
              >
                <div
                  className="dount-chart-container"
                >
                  <div />
                </div>
                <div
                  className=" donutmiddleData"
                >
                  <div
                    className="uk-text-center thumb-font"
                  >
                    <div
                      className="jera-like-font"
                    >
                      <i
                        className="jera color-green-60 jera-like-1"
                      />
                    </div>
                    <div
                      className="font-prvalue color-green-60"
                    >
                      <span>
                        0
                      </span>
                      <span
                        className="font-12 vertical-top"
                      >
                        %
                      </span>
                    </div>
                    <div>
                      <span
                        className="font-12 totalRatio"
                      >
                        CHARTS.DONUT.TOOLTIP_HEAD
                      </span>
                      <span
                        className="uk-tooltip-cutom tooltip-text"
                      >
                        <i
                          className="jera-info-circle icn-16 color-blue-70 top-2 ml-3"
                        />
                        <div
                          className="uk-tooltip uk-animation-scale-up uk-animation-center uk-transdorm-origin-center-left uk-togglabe-enter uk-tooltip-bottom uk-tooltip-bottom-center uk-transform-origin-center-left uk-text-left font-10"
                        >
                          <span
                            className="color-grey-blue-80 uk-display-block"
                          >
                            <strong
                              className="color-grey-blue-95"
                            >
                              CHARTS.DONUT.TOOLTIP_MAIN_TEXT
                            </strong>
                              
                            CHARTS.DONUT.TOOLTIP_SUB_TEXT
                          </span>
                          <span
                            className="color-red-60 mt-15 uk-display-block"
                          >
                            CHARTS.DONUT.EQUATION
                          </span>
                          <span
                            className="color-grey-blue-80 uk-display-block"
                          >
                            CHARTS.DONUT.EQUATION_LHS
                             = Y (
                            ) / X (
                            )
                          </span>
                        </div>
                      </span>
                    </div>
                  </div>
                </div>
              </div>
            </div>
          </div>
        </div>
      </div>
    </div>
  </div>
</div>
`;
