// Jest Snapshot v1, https://goo.gl/fbAQLP

exports[`Component: AnnualData AnnualData renders correctly 1`] = `
<div
  className="uk-width-1-3@m media-mb-20"
>
  <div
    className="uk-card uk-height-1-1"
  >
    <h5
      className="mb-24 font-18"
    >
      LABELS.ANNUAL
    </h5>
    <div
      className="mb-40 ml--25 uk-grid uk-child-width-1-2@s uk-child-width-1-2@m"
      uk-grid="true"
    />
  </div>
</div>
`;
