// Jest Snapshot v1, https://goo.gl/fbAQLP

exports[`Component: PredictivePreviousData PredictivePreviousData renders correctly 1`] = `
<div
  className="uk-width-expand@m"
>
  <div
    className="uk-card mb-20"
  >
    <h5
      className="mb-24 font-18"
    >
      LABELS.YEAR_START_TO_PRESENT
    </h5>
    <div
      className="uk-grid uk-grid-small uk-child-width-1-3@s uk-child-width-1-3@m mm-10"
      uk-grid="true"
    >
      <div
        className="media-mb-20 pl-10"
      />
      <div
        className="pl-10"
      />
      <div
        className="uk-text-center mt--35"
      >
        <div
          className="uk-flex uk-flex-center uk-flex-middle uk-flex-column chart-100 uk-margin-auto-left uk-margin-auto-right"
        />
      </div>
    </div>
  </div>
  <div
    className="uk-card"
  >
    <h5
      className="mb-24 font-18"
    >
      LABELS.PRESENT_TO_YEAR_END
    </h5>
    <div
      className="uk-grid uk-grid-small uk-child-width-1-3@s uk-child-width-1-3@m mm-10"
      uk-grid="true"
    >
      <div
        className="media-mb-20 pl-10"
      />
      <div
        className="pl-10"
      />
      <div
        className="uk-text-center mt--35"
      >
        <div
          className="uk-flex uk-flex-center uk-flex-middle uk-flex-column chart-100 uk-margin-auto-left uk-margin-auto-right"
        />
      </div>
    </div>
  </div>
</div>
`;
