// Jest Snapshot v1, https://goo.gl/fbAQLP

exports[`Component: TheContent TheContent renders correctly 1`] = `
<div
  className="spinner"
>
  <div
    className="pt-3 text-center"
  >
    <div
      uk-spinner="ratio: 3"
    />
  </div>
</div>
`;
