// Jest Snapshot v1, https://goo.gl/fbAQLP

exports[`Component: TimeLineChartPlannedUnit TimeLineChartPlannedUnit renders correctly 1`] = `null`;
