// Jest Snapshot v1, https://goo.gl/fbAQLP

exports[`Component: TimeLineChartOtherUnits TimeLineChartOtherUnits renders correctly 1`] = `null`;
